// Jest Snapshot v1, https://goo.gl/fbAQLP

exports[`Test in component FirstApp Should make macth with the snapshot 1`] = `
<div>
  <h1>
     
    Angie
     
  </h1>
  <h2>
     
     
  </h2>
  <h2>
     
     
  </h2>
  <p>
     
    26
     
  </p>
  <p
    data-testid="test-hobbie"
  >
     
    Coding
     
  </p>
</div>
`;
